
Allocating common symbols
Common symbol       size              file

hcan                0x40              ..\obj\main.o
can_tx_data         0xc8              ..\obj\main.o
pFlash              0x20              ..\obj\stm32f1xx_hal_flash.o
hspi1               0x58              ..\obj\main.o
can_rx_data         0xc8              ..\obj\main.o

Discarded input sections

 .text          0x00000000        0x0 ..\obj\stm32f1xx_hal_rcc_ex.o
 .data          0x00000000        0x0 ..\obj\stm32f1xx_hal_rcc_ex.o
 .bss           0x00000000        0x0 ..\obj\stm32f1xx_hal_rcc_ex.o
 .text.HAL_RCCEx_PeriphCLKConfig
                0x00000000      0x1ec ..\obj\stm32f1xx_hal_rcc_ex.o
 .text.HAL_RCCEx_GetPeriphCLKConfig
                0x00000000       0x60 ..\obj\stm32f1xx_hal_rcc_ex.o
 .rodata        0x00000000       0x12 ..\obj\stm32f1xx_hal_rcc_ex.o
 .text.HAL_RCCEx_GetPeriphCLKFreq
                0x00000000      0x1c8 ..\obj\stm32f1xx_hal_rcc_ex.o
 .debug_info    0x00000000      0x541 ..\obj\stm32f1xx_hal_rcc_ex.o
 .debug_abbrev  0x00000000      0x1eb ..\obj\stm32f1xx_hal_rcc_ex.o
 .debug_aranges
                0x00000000       0x30 ..\obj\stm32f1xx_hal_rcc_ex.o
 .debug_ranges  0x00000000       0x20 ..\obj\stm32f1xx_hal_rcc_ex.o
 .debug_line    0x00000000      0x3ce ..\obj\stm32f1xx_hal_rcc_ex.o
 .debug_str     0x00000000      0x3dd ..\obj\stm32f1xx_hal_rcc_ex.o
 .comment       0x00000000       0x6f ..\obj\stm32f1xx_hal_rcc_ex.o
 .debug_frame   0x00000000       0x84 ..\obj\stm32f1xx_hal_rcc_ex.o
 .ARM.attributes
                0x00000000       0x33 ..\obj\stm32f1xx_hal_rcc_ex.o
 .text          0x00000000        0x0 ..\obj\stm32f1xx_hal_pwr.o
 .data          0x00000000        0x0 ..\obj\stm32f1xx_hal_pwr.o
 .bss           0x00000000        0x0 ..\obj\stm32f1xx_hal_pwr.o
 .text.PWR_OverloadWfe
                0x00000000       0x10 ..\obj\stm32f1xx_hal_pwr.o
 .text.HAL_PWR_DeInit
                0x00000000       0x28 ..\obj\stm32f1xx_hal_pwr.o
 .text.HAL_PWR_EnableBkUpAccess
                0x00000000       0x34 ..\obj\stm32f1xx_hal_pwr.o
 .text.HAL_PWR_DisableBkUpAccess
                0x00000000       0x34 ..\obj\stm32f1xx_hal_pwr.o
 .text.HAL_PWR_ConfigPVD
                0x00000000       0xbc ..\obj\stm32f1xx_hal_pwr.o
 .text.HAL_PWR_EnablePVD
                0x00000000       0x34 ..\obj\stm32f1xx_hal_pwr.o
 .text.HAL_PWR_DisablePVD
                0x00000000       0x34 ..\obj\stm32f1xx_hal_pwr.o
 .text.HAL_PWR_EnableWakeUpPin
                0x00000000       0x38 ..\obj\stm32f1xx_hal_pwr.o
 .text.HAL_PWR_DisableWakeUpPin
                0x00000000       0x38 ..\obj\stm32f1xx_hal_pwr.o
 .text.HAL_PWR_EnterSLEEPMode
                0x00000000       0x38 ..\obj\stm32f1xx_hal_pwr.o
 .text.HAL_PWR_EnterSTOPMode
                0x00000000       0x64 ..\obj\stm32f1xx_hal_pwr.o
 .text.HAL_PWR_EnterSTANDBYMode
                0x00000000       0x30 ..\obj\stm32f1xx_hal_pwr.o
 .text.HAL_PWR_EnableSleepOnExit
                0x00000000       0x1c ..\obj\stm32f1xx_hal_pwr.o
 .text.HAL_PWR_DisableSleepOnExit
                0x00000000       0x1c ..\obj\stm32f1xx_hal_pwr.o
 .text.HAL_PWR_EnableSEVOnPend
                0x00000000       0x1c ..\obj\stm32f1xx_hal_pwr.o
 .text.HAL_PWR_DisableSEVOnPend
                0x00000000       0x1c ..\obj\stm32f1xx_hal_pwr.o
 .text.HAL_PWR_PVD_IRQHandler
                0x00000000       0x24 ..\obj\stm32f1xx_hal_pwr.o
 .text.HAL_PWR_PVDCallback
                0x00000000        0xc ..\obj\stm32f1xx_hal_pwr.o
 .debug_info    0x00000000      0x79a ..\obj\stm32f1xx_hal_pwr.o
 .debug_abbrev  0x00000000      0x225 ..\obj\stm32f1xx_hal_pwr.o
 .debug_aranges
                0x00000000       0xa8 ..\obj\stm32f1xx_hal_pwr.o
 .debug_ranges  0x00000000       0x98 ..\obj\stm32f1xx_hal_pwr.o
 .debug_line    0x00000000      0x440 ..\obj\stm32f1xx_hal_pwr.o
 .debug_str     0x00000000      0x4dd ..\obj\stm32f1xx_hal_pwr.o
 .comment       0x00000000       0x6f ..\obj\stm32f1xx_hal_pwr.o
 .debug_frame   0x00000000      0x290 ..\obj\stm32f1xx_hal_pwr.o
 .ARM.attributes
                0x00000000       0x33 ..\obj\stm32f1xx_hal_pwr.o
 .text          0x00000000        0x0 ..\obj\stm32f1xx_hal_can.o
 .data          0x00000000        0x0 ..\obj\stm32f1xx_hal_can.o
 .bss           0x00000000        0x0 ..\obj\stm32f1xx_hal_can.o
 .text.HAL_CAN_ConfigFilter
                0x00000000      0x1a4 ..\obj\stm32f1xx_hal_can.o
 .text.HAL_CAN_DeInit
                0x00000000       0x3c ..\obj\stm32f1xx_hal_can.o
 .text.HAL_CAN_MspInit
                0x00000000       0x14 ..\obj\stm32f1xx_hal_can.o
 .text.HAL_CAN_MspDeInit
                0x00000000       0x14 ..\obj\stm32f1xx_hal_can.o
 .text.HAL_CAN_Transmit
                0x00000000      0x2ec ..\obj\stm32f1xx_hal_can.o
 .text.HAL_CAN_Transmit_IT
                0x00000000      0x24c ..\obj\stm32f1xx_hal_can.o
 .text.HAL_CAN_Receive
                0x00000000      0x278 ..\obj\stm32f1xx_hal_can.o
 .text.HAL_CAN_Receive_IT
                0x00000000       0xb4 ..\obj\stm32f1xx_hal_can.o
 .text.HAL_CAN_Sleep
                0x00000000       0xc8 ..\obj\stm32f1xx_hal_can.o
 .text.HAL_CAN_WakeUp
                0x00000000       0xa8 ..\obj\stm32f1xx_hal_can.o
 .text.HAL_CAN_IRQHandler
                0x00000000      0x22c ..\obj\stm32f1xx_hal_can.o
 .text.HAL_CAN_TxCpltCallback
                0x00000000       0x14 ..\obj\stm32f1xx_hal_can.o
 .text.HAL_CAN_RxCpltCallback
                0x00000000       0x14 ..\obj\stm32f1xx_hal_can.o
 .text.HAL_CAN_ErrorCallback
                0x00000000       0x14 ..\obj\stm32f1xx_hal_can.o
 .text.HAL_CAN_GetState
                0x00000000       0x1c ..\obj\stm32f1xx_hal_can.o
 .text.HAL_CAN_GetError
                0x00000000       0x18 ..\obj\stm32f1xx_hal_can.o
 .text.CAN_Transmit_IT
                0x00000000       0x64 ..\obj\stm32f1xx_hal_can.o
 .text.CAN_Receive_IT
                0x00000000      0x208 ..\obj\stm32f1xx_hal_can.o
 .text          0x00000000        0x0 ..\obj\stm32f1xx_hal.o
 .data          0x00000000        0x0 ..\obj\stm32f1xx_hal.o
 .text.HAL_DeInit
                0x00000000       0x30 ..\obj\stm32f1xx_hal.o
 .text.HAL_MspInit
                0x00000000        0xc ..\obj\stm32f1xx_hal.o
 .text.HAL_MspDeInit
                0x00000000        0xc ..\obj\stm32f1xx_hal.o
 .text.HAL_SuspendTick
                0x00000000       0x1c ..\obj\stm32f1xx_hal.o
 .text.HAL_ResumeTick
                0x00000000       0x1c ..\obj\stm32f1xx_hal.o
 .text.HAL_GetHalVersion
                0x00000000       0x14 ..\obj\stm32f1xx_hal.o
 .text.HAL_GetREVID
                0x00000000       0x34 ..\obj\stm32f1xx_hal.o
 .text.HAL_GetDEVID
                0x00000000       0x18 ..\obj\stm32f1xx_hal.o
 .text.HAL_DBGMCU_EnableDBGSleepMode
                0x00000000       0x1c ..\obj\stm32f1xx_hal.o
 .text.HAL_DBGMCU_DisableDBGSleepMode
                0x00000000       0x1c ..\obj\stm32f1xx_hal.o
 .text.HAL_DBGMCU_EnableDBGStopMode
                0x00000000       0x1c ..\obj\stm32f1xx_hal.o
 .text.HAL_DBGMCU_DisableDBGStopMode
                0x00000000       0x1c ..\obj\stm32f1xx_hal.o
 .text.HAL_DBGMCU_EnableDBGStandbyMode
                0x00000000       0x1c ..\obj\stm32f1xx_hal.o
 .text.HAL_DBGMCU_DisableDBGStandbyMode
                0x00000000       0x1c ..\obj\stm32f1xx_hal.o
 .text          0x00000000        0x0 ..\obj\stm32f1xx_it.o
 .data          0x00000000        0x0 ..\obj\stm32f1xx_it.o
 .bss           0x00000000        0x0 ..\obj\stm32f1xx_it.o
 .text          0x00000000        0x0 ..\obj\stm32f1xx_hal_gpio_ex.o
 .data          0x00000000        0x0 ..\obj\stm32f1xx_hal_gpio_ex.o
 .bss           0x00000000        0x0 ..\obj\stm32f1xx_hal_gpio_ex.o
 .text.HAL_GPIOEx_ConfigEventout
                0x00000000       0x2c ..\obj\stm32f1xx_hal_gpio_ex.o
 .text.HAL_GPIOEx_EnableEventout
                0x00000000       0x1c ..\obj\stm32f1xx_hal_gpio_ex.o
 .text.HAL_GPIOEx_DisableEventout
                0x00000000       0x1c ..\obj\stm32f1xx_hal_gpio_ex.o
 .debug_info    0x00000000      0x183 ..\obj\stm32f1xx_hal_gpio_ex.o
 .debug_abbrev  0x00000000       0xcb ..\obj\stm32f1xx_hal_gpio_ex.o
 .debug_aranges
                0x00000000       0x30 ..\obj\stm32f1xx_hal_gpio_ex.o
 .debug_ranges  0x00000000       0x20 ..\obj\stm32f1xx_hal_gpio_ex.o
 .debug_line    0x00000000      0x21f ..\obj\stm32f1xx_hal_gpio_ex.o
 .debug_str     0x00000000      0x287 ..\obj\stm32f1xx_hal_gpio_ex.o
 .comment       0x00000000       0x6f ..\obj\stm32f1xx_hal_gpio_ex.o
 .debug_frame   0x00000000       0x78 ..\obj\stm32f1xx_hal_gpio_ex.o
 .ARM.attributes
                0x00000000       0x33 ..\obj\stm32f1xx_hal_gpio_ex.o
 .text          0x00000000        0x0 ..\obj\stm32f1xx_hal_cortex.o
 .data          0x00000000        0x0 ..\obj\stm32f1xx_hal_cortex.o
 .bss           0x00000000        0x0 ..\obj\stm32f1xx_hal_cortex.o
 .text.NVIC_EnableIRQ
                0x00000000       0x30 ..\obj\stm32f1xx_hal_cortex.o
 .text.NVIC_DisableIRQ
                0x00000000       0x34 ..\obj\stm32f1xx_hal_cortex.o
 .text.NVIC_GetPendingIRQ
                0x00000000       0x34 ..\obj\stm32f1xx_hal_cortex.o
 .text.NVIC_SetPendingIRQ
                0x00000000       0x34 ..\obj\stm32f1xx_hal_cortex.o
 .text.NVIC_ClearPendingIRQ
                0x00000000       0x34 ..\obj\stm32f1xx_hal_cortex.o
 .text.NVIC_GetActive
                0x00000000       0x34 ..\obj\stm32f1xx_hal_cortex.o
 .text.NVIC_GetPriority
                0x00000000       0x4c ..\obj\stm32f1xx_hal_cortex.o
 .text.NVIC_DecodePriority
                0x00000000       0x68 ..\obj\stm32f1xx_hal_cortex.o
 .text.NVIC_SystemReset
                0x00000000       0x28 ..\obj\stm32f1xx_hal_cortex.o
 .text.HAL_NVIC_EnableIRQ
                0x00000000       0x1c ..\obj\stm32f1xx_hal_cortex.o
 .text.HAL_NVIC_DisableIRQ
                0x00000000       0x1c ..\obj\stm32f1xx_hal_cortex.o
 .text.HAL_NVIC_SystemReset
                0x00000000        0xc ..\obj\stm32f1xx_hal_cortex.o
 .text.HAL_NVIC_GetPriorityGrouping
                0x00000000       0x10 ..\obj\stm32f1xx_hal_cortex.o
 .text.HAL_NVIC_GetPriority
                0x00000000       0x2c ..\obj\stm32f1xx_hal_cortex.o
 .text.HAL_NVIC_SetPendingIRQ
                0x00000000       0x1c ..\obj\stm32f1xx_hal_cortex.o
 .text.HAL_NVIC_GetPendingIRQ
                0x00000000       0x20 ..\obj\stm32f1xx_hal_cortex.o
 .text.HAL_NVIC_ClearPendingIRQ
                0x00000000       0x1c ..\obj\stm32f1xx_hal_cortex.o
 .text.HAL_NVIC_GetActive
                0x00000000       0x20 ..\obj\stm32f1xx_hal_cortex.o
 .text          0x00000000        0x0 ..\obj\system_stm32f1xx.o
 .bss           0x00000000        0x0 ..\obj\system_stm32f1xx.o
 .text.SystemCoreClockUpdate
                0x00000000       0xd8 ..\obj\system_stm32f1xx.o
 .text          0x00000000        0x0 ..\obj\stm32f1xx_hal_rcc.o
 .data          0x00000000        0x0 ..\obj\stm32f1xx_hal_rcc.o
 .bss           0x00000000        0x0 ..\obj\stm32f1xx_hal_rcc.o
 .text.HAL_RCC_DeInit
                0x00000000       0x7c ..\obj\stm32f1xx_hal_rcc.o
 .text.HAL_RCC_MCOConfig
                0x00000000       0x70 ..\obj\stm32f1xx_hal_rcc.o
 .text.HAL_RCC_EnableCSS
                0x00000000       0x34 ..\obj\stm32f1xx_hal_rcc.o
 .text.HAL_RCC_DisableCSS
                0x00000000       0x34 ..\obj\stm32f1xx_hal_rcc.o
 .text.HAL_RCC_GetPCLK1Freq
                0x00000000       0x44 ..\obj\stm32f1xx_hal_rcc.o
 .text.HAL_RCC_GetPCLK2Freq
                0x00000000       0x44 ..\obj\stm32f1xx_hal_rcc.o
 .text.HAL_RCC_GetOscConfig
                0x00000000      0x110 ..\obj\stm32f1xx_hal_rcc.o
 .text.HAL_RCC_GetClockConfig
                0x00000000       0x60 ..\obj\stm32f1xx_hal_rcc.o
 .text.HAL_RCC_NMI_IRQHandler
                0x00000000       0x28 ..\obj\stm32f1xx_hal_rcc.o
 .text.HAL_RCC_CSSCallback
                0x00000000        0xc ..\obj\stm32f1xx_hal_rcc.o
 .text          0x00000000        0x0 ..\obj\startup_stm32f10x_md.o
 .data          0x00000000        0x0 ..\obj\startup_stm32f10x_md.o
 .bss           0x00000000        0x0 ..\obj\startup_stm32f10x_md.o
 .text          0x00000000        0x0 ..\obj\main.o
 .data          0x00000000        0x0 ..\obj\main.o
 .bss           0x00000000        0x0 ..\obj\main.o
 .text.HAL_CAN_RxCpltCallback
                0x00000000       0x2c ..\obj\main.o
 .text          0x00000000        0x0 ..\obj\stm32f1xx_hal_spi_ex.o
 .data          0x00000000        0x0 ..\obj\stm32f1xx_hal_spi_ex.o
 .text.SPI_ISCRCErrorValid
                0x00000000       0x14 ..\obj\stm32f1xx_hal_spi_ex.o
 .text          0x00000000        0x0 ..\obj\stm32f1xx_hal_flash.o
 .data          0x00000000        0x0 ..\obj\stm32f1xx_hal_flash.o
 .bss           0x00000000        0x0 ..\obj\stm32f1xx_hal_flash.o
 .text.HAL_FLASH_Program
                0x00000000       0xe4 ..\obj\stm32f1xx_hal_flash.o
 .text.HAL_FLASH_Program_IT
                0x00000000       0x90 ..\obj\stm32f1xx_hal_flash.o
 .text.HAL_FLASH_IRQHandler
                0x00000000      0x1c4 ..\obj\stm32f1xx_hal_flash.o
 .text.HAL_FLASH_EndOfOperationCallback
                0x00000000       0x14 ..\obj\stm32f1xx_hal_flash.o
 .text.HAL_FLASH_OperationErrorCallback
                0x00000000       0x14 ..\obj\stm32f1xx_hal_flash.o
 .text.HAL_FLASH_Unlock
                0x00000000       0x38 ..\obj\stm32f1xx_hal_flash.o
 .text.HAL_FLASH_Lock
                0x00000000       0x20 ..\obj\stm32f1xx_hal_flash.o
 .text.HAL_FLASH_OB_Unlock
                0x00000000       0x38 ..\obj\stm32f1xx_hal_flash.o
 .text.HAL_FLASH_OB_Lock
                0x00000000       0x20 ..\obj\stm32f1xx_hal_flash.o
 .text.HAL_FLASH_OB_Launch
                0x00000000       0x10 ..\obj\stm32f1xx_hal_flash.o
 .text.HAL_FLASH_GetError
                0x00000000       0x14 ..\obj\stm32f1xx_hal_flash.o
 .text.FLASH_Program_HalfWord
                0x00000000       0x38 ..\obj\stm32f1xx_hal_flash.o
 .text.FLASH_WaitForLastOperation
                0x00000000       0x8c ..\obj\stm32f1xx_hal_flash.o
 .text.FLASH_SetErrorCode
                0x00000000       0x70 ..\obj\stm32f1xx_hal_flash.o
 .debug_info    0x00000000      0x4e8 ..\obj\stm32f1xx_hal_flash.o
 .debug_abbrev  0x00000000      0x1df ..\obj\stm32f1xx_hal_flash.o
 .debug_aranges
                0x00000000       0x88 ..\obj\stm32f1xx_hal_flash.o
 .debug_ranges  0x00000000       0x78 ..\obj\stm32f1xx_hal_flash.o
 .debug_line    0x00000000      0x45d ..\obj\stm32f1xx_hal_flash.o
 .debug_str     0x00000000      0x528 ..\obj\stm32f1xx_hal_flash.o
 .comment       0x00000000       0x6f ..\obj\stm32f1xx_hal_flash.o
 .debug_frame   0x00000000      0x204 ..\obj\stm32f1xx_hal_flash.o
 .ARM.attributes
                0x00000000       0x33 ..\obj\stm32f1xx_hal_flash.o
 COMMON         0x00000000       0x20 ..\obj\stm32f1xx_hal_flash.o
 .text          0x00000000        0x0 ..\obj\stm32f1xx_hal_gpio.o
 .data          0x00000000        0x0 ..\obj\stm32f1xx_hal_gpio.o
 .bss           0x00000000        0x0 ..\obj\stm32f1xx_hal_gpio.o
 .text.HAL_GPIO_DeInit
                0x00000000      0x184 ..\obj\stm32f1xx_hal_gpio.o
 .text.HAL_GPIO_ReadPin
                0x00000000       0x30 ..\obj\stm32f1xx_hal_gpio.o
 .text.HAL_GPIO_TogglePin
                0x00000000       0x24 ..\obj\stm32f1xx_hal_gpio.o
 .text.HAL_GPIO_LockPin
                0x00000000       0x50 ..\obj\stm32f1xx_hal_gpio.o
 .text.HAL_GPIO_EXTI_IRQHandler
                0x00000000       0x30 ..\obj\stm32f1xx_hal_gpio.o
 .text.HAL_GPIO_EXTI_Callback
                0x00000000       0x14 ..\obj\stm32f1xx_hal_gpio.o
 .text          0x00000000        0x0 ..\obj\stm32f1xx_hal_dma.o
 .data          0x00000000        0x0 ..\obj\stm32f1xx_hal_dma.o
 .bss           0x00000000        0x0 ..\obj\stm32f1xx_hal_dma.o
 .text.HAL_DMA_Init
                0x00000000       0x94 ..\obj\stm32f1xx_hal_dma.o
 .text.HAL_DMA_DeInit
                0x00000000      0x1e0 ..\obj\stm32f1xx_hal_dma.o
 .text.HAL_DMA_Start
                0x00000000       0x64 ..\obj\stm32f1xx_hal_dma.o
 .text.HAL_DMA_Start_IT
                0x00000000       0x94 ..\obj\stm32f1xx_hal_dma.o
 .text.HAL_DMA_Abort
                0x00000000       0x7c ..\obj\stm32f1xx_hal_dma.o
 .text.HAL_DMA_PollForTransfer
                0x00000000      0x394 ..\obj\stm32f1xx_hal_dma.o
 .text.HAL_DMA_IRQHandler
                0x00000000      0x3e0 ..\obj\stm32f1xx_hal_dma.o
 .text.HAL_DMA_GetState
                0x00000000       0x18 ..\obj\stm32f1xx_hal_dma.o
 .text.HAL_DMA_GetError
                0x00000000       0x18 ..\obj\stm32f1xx_hal_dma.o
 .text.DMA_SetConfig
                0x00000000       0x4c ..\obj\stm32f1xx_hal_dma.o
 .debug_info    0x00000000      0x588 ..\obj\stm32f1xx_hal_dma.o
 .debug_abbrev  0x00000000      0x1b5 ..\obj\stm32f1xx_hal_dma.o
 .debug_aranges
                0x00000000       0x68 ..\obj\stm32f1xx_hal_dma.o
 .debug_ranges  0x00000000       0x58 ..\obj\stm32f1xx_hal_dma.o
 .debug_line    0x00000000      0x83a ..\obj\stm32f1xx_hal_dma.o
 .debug_str     0x00000000      0x516 ..\obj\stm32f1xx_hal_dma.o
 .comment       0x00000000       0x6f ..\obj\stm32f1xx_hal_dma.o
 .debug_frame   0x00000000      0x194 ..\obj\stm32f1xx_hal_dma.o
 .ARM.attributes
                0x00000000       0x33 ..\obj\stm32f1xx_hal_dma.o
 .text          0x00000000        0x0 ..\obj\stm32f1xx_hal_spi.o
 .data          0x00000000        0x0 ..\obj\stm32f1xx_hal_spi.o
 .bss           0x00000000        0x0 ..\obj\stm32f1xx_hal_spi.o
 .text.HAL_SPI_Init
                0x00000000       0xbc ..\obj\stm32f1xx_hal_spi.o
 .text.HAL_SPI_DeInit
                0x00000000       0x50 ..\obj\stm32f1xx_hal_spi.o
 .text.HAL_SPI_MspInit
                0x00000000       0x14 ..\obj\stm32f1xx_hal_spi.o
 .text.HAL_SPI_MspDeInit
                0x00000000       0x14 ..\obj\stm32f1xx_hal_spi.o
 .text.HAL_SPI_Transmit
                0x00000000      0x280 ..\obj\stm32f1xx_hal_spi.o
 .text.HAL_SPI_Receive
                0x00000000      0x31c ..\obj\stm32f1xx_hal_spi.o
 .text.HAL_SPI_TransmitReceive
                0x00000000      0x498 ..\obj\stm32f1xx_hal_spi.o
 .text.HAL_SPI_Transmit_IT
                0x00000000      0x128 ..\obj\stm32f1xx_hal_spi.o
 .text.HAL_SPI_Receive_IT
                0x00000000      0x138 ..\obj\stm32f1xx_hal_spi.o
 .text.HAL_SPI_TransmitReceive_IT
                0x00000000      0x128 ..\obj\stm32f1xx_hal_spi.o
 .text.HAL_SPI_Transmit_DMA
                0x00000000      0x148 ..\obj\stm32f1xx_hal_spi.o
 .text.HAL_SPI_Receive_DMA
                0x00000000      0x174 ..\obj\stm32f1xx_hal_spi.o
 .text.HAL_SPI_TransmitReceive_DMA
                0x00000000      0x1d0 ..\obj\stm32f1xx_hal_spi.o
 .text.HAL_SPI_DMAPause
                0x00000000       0x54 ..\obj\stm32f1xx_hal_spi.o
 .text.HAL_SPI_DMAResume
                0x00000000       0x54 ..\obj\stm32f1xx_hal_spi.o
 .text.HAL_SPI_DMAStop
                0x00000000       0x60 ..\obj\stm32f1xx_hal_spi.o
 .text.HAL_SPI_IRQHandler
                0x00000000      0x130 ..\obj\stm32f1xx_hal_spi.o
 .text.HAL_SPI_TxCpltCallback
                0x00000000       0x14 ..\obj\stm32f1xx_hal_spi.o
 .text.HAL_SPI_RxCpltCallback
                0x00000000       0x14 ..\obj\stm32f1xx_hal_spi.o
 .text.HAL_SPI_TxRxCpltCallback
                0x00000000       0x14 ..\obj\stm32f1xx_hal_spi.o
 .text.HAL_SPI_TxHalfCpltCallback
                0x00000000       0x14 ..\obj\stm32f1xx_hal_spi.o
 .text.HAL_SPI_RxHalfCpltCallback
                0x00000000       0x14 ..\obj\stm32f1xx_hal_spi.o
 .text.HAL_SPI_TxRxHalfCpltCallback
                0x00000000       0x14 ..\obj\stm32f1xx_hal_spi.o
 .text.HAL_SPI_ErrorCallback
                0x00000000       0x14 ..\obj\stm32f1xx_hal_spi.o
 .text.HAL_SPI_GetState
                0x00000000       0x1c ..\obj\stm32f1xx_hal_spi.o
 .text.HAL_SPI_GetError
                0x00000000       0x18 ..\obj\stm32f1xx_hal_spi.o
 .text.SPI_TxCloseIRQHandler
                0x00000000       0xd8 ..\obj\stm32f1xx_hal_spi.o
 .text.SPI_TxISR
                0x00000000       0x78 ..\obj\stm32f1xx_hal_spi.o
 .text.SPI_RxCloseIRQHandler
                0x00000000      0x164 ..\obj\stm32f1xx_hal_spi.o
 .text.SPI_2LinesRxISR
                0x00000000       0x60 ..\obj\stm32f1xx_hal_spi.o
 .text.SPI_RxISR
                0x00000000       0x84 ..\obj\stm32f1xx_hal_spi.o
 .text.SPI_DMATransmitCplt
                0x00000000       0xb0 ..\obj\stm32f1xx_hal_spi.o
 .text.SPI_DMAReceiveCplt
                0x00000000      0x148 ..\obj\stm32f1xx_hal_spi.o
 .text.SPI_DMATransmitReceiveCplt
                0x00000000      0x120 ..\obj\stm32f1xx_hal_spi.o
 .text.SPI_DMAHalfTransmitCplt
                0x00000000       0x1c ..\obj\stm32f1xx_hal_spi.o
 .text.SPI_DMAHalfReceiveCplt
                0x00000000       0x1c ..\obj\stm32f1xx_hal_spi.o
 .text.SPI_DMAHalfTransmitReceiveCplt
                0x00000000       0x1c ..\obj\stm32f1xx_hal_spi.o
 .text.SPI_DMAError
                0x00000000       0x3c ..\obj\stm32f1xx_hal_spi.o
 .text.SPI_WaitOnFlagUntilTimeout
                0x00000000      0x148 ..\obj\stm32f1xx_hal_spi.o
 .text.SPI_ISCRCErrorValid
                0x00000000       0x14 ..\obj\stm32f1xx_hal_spi.o
 .debug_info    0x00000000      0xe62 ..\obj\stm32f1xx_hal_spi.o
 .debug_abbrev  0x00000000      0x1fd ..\obj\stm32f1xx_hal_spi.o
 .debug_aranges
                0x00000000      0x158 ..\obj\stm32f1xx_hal_spi.o
 .debug_ranges  0x00000000      0x148 ..\obj\stm32f1xx_hal_spi.o
 .debug_line    0x00000000      0xaaf ..\obj\stm32f1xx_hal_spi.o
 .debug_str     0x00000000      0x959 ..\obj\stm32f1xx_hal_spi.o
 .comment       0x00000000       0x6f ..\obj\stm32f1xx_hal_spi.o
 .debug_frame   0x00000000      0x5fc ..\obj\stm32f1xx_hal_spi.o
 .ARM.attributes
                0x00000000       0x33 ..\obj\stm32f1xx_hal_spi.o
 .text          0x00000000        0x0 ..\obj\stm32f1xx_hal_msp.o
 .data          0x00000000        0x0 ..\obj\stm32f1xx_hal_msp.o
 .bss           0x00000000        0x0 ..\obj\stm32f1xx_hal_msp.o
 .text.HAL_CAN_MspDeInit
                0x00000000       0x3c ..\obj\stm32f1xx_hal_msp.o
 .text.HAL_SPI_MspDeInit
                0x00000000       0x3c ..\obj\stm32f1xx_hal_msp.o
 .text          0x00000000        0x0 ..\obj\stm32f1xx_hal_tim.o
 .data          0x00000000        0x0 ..\obj\stm32f1xx_hal_tim.o
 .bss           0x00000000        0x0 ..\obj\stm32f1xx_hal_tim.o
 .debug_info    0x00000000       0xa0 ..\obj\stm32f1xx_hal_tim.o
 .debug_abbrev  0x00000000       0x4b ..\obj\stm32f1xx_hal_tim.o
 .debug_aranges
                0x00000000       0x18 ..\obj\stm32f1xx_hal_tim.o
 .debug_line    0x00000000      0x126 ..\obj\stm32f1xx_hal_tim.o
 .debug_str     0x00000000      0x1d3 ..\obj\stm32f1xx_hal_tim.o
 .comment       0x00000000       0x6f ..\obj\stm32f1xx_hal_tim.o
 .ARM.attributes
                0x00000000       0x33 ..\obj\stm32f1xx_hal_tim.o
 .text          0x00000000        0x0 ..\obj\stm32f1xx_hal_flash_ex.o
 .data          0x00000000        0x0 ..\obj\stm32f1xx_hal_flash_ex.o
 .bss           0x00000000        0x0 ..\obj\stm32f1xx_hal_flash_ex.o
 .text.HAL_FLASHEx_Erase
                0x00000000       0xd8 ..\obj\stm32f1xx_hal_flash_ex.o
 .text.HAL_FLASHEx_Erase_IT
                0x00000000       0x84 ..\obj\stm32f1xx_hal_flash_ex.o
 .text.HAL_FLASHEx_OBErase
                0x00000000       0x84 ..\obj\stm32f1xx_hal_flash_ex.o
 .text.HAL_FLASHEx_OBProgram
                0x00000000       0xf8 ..\obj\stm32f1xx_hal_flash_ex.o
 .text.HAL_FLASHEx_OBGetConfig
                0x00000000       0x38 ..\obj\stm32f1xx_hal_flash_ex.o
 .text.HAL_FLASHEx_OBGetUserData
                0x00000000       0x6c ..\obj\stm32f1xx_hal_flash_ex.o
 .text.FLASH_MassErase
                0x00000000       0x38 ..\obj\stm32f1xx_hal_flash_ex.o
 .text.FLASH_OB_EnableWRP
                0x00000000      0x144 ..\obj\stm32f1xx_hal_flash_ex.o
 .text.FLASH_OB_DisableWRP
                0x00000000      0x140 ..\obj\stm32f1xx_hal_flash_ex.o
 .text.FLASH_OB_RDP_LevelConfig
                0x00000000       0xa0 ..\obj\stm32f1xx_hal_flash_ex.o
 .text.FLASH_OB_UserConfig
                0x00000000       0x70 ..\obj\stm32f1xx_hal_flash_ex.o
 .text.FLASH_OB_ProgramData
                0x00000000       0x68 ..\obj\stm32f1xx_hal_flash_ex.o
 .text.FLASH_OB_GetWRP
                0x00000000       0x14 ..\obj\stm32f1xx_hal_flash_ex.o
 .text.FLASH_OB_GetRDP
                0x00000000       0x38 ..\obj\stm32f1xx_hal_flash_ex.o
 .text.FLASH_OB_GetUser
                0x00000000       0x34 ..\obj\stm32f1xx_hal_flash_ex.o
 .text.FLASH_PageErase
                0x00000000       0x40 ..\obj\stm32f1xx_hal_flash_ex.o
 .debug_info    0x00000000      0x840 ..\obj\stm32f1xx_hal_flash_ex.o
 .debug_abbrev  0x00000000      0x265 ..\obj\stm32f1xx_hal_flash_ex.o
 .debug_aranges
                0x00000000       0x98 ..\obj\stm32f1xx_hal_flash_ex.o
 .debug_ranges  0x00000000       0x88 ..\obj\stm32f1xx_hal_flash_ex.o
 .debug_line    0x00000000      0x4fa ..\obj\stm32f1xx_hal_flash_ex.o
 .debug_str     0x00000000      0x668 ..\obj\stm32f1xx_hal_flash_ex.o
 .comment       0x00000000       0x6f ..\obj\stm32f1xx_hal_flash_ex.o
 .debug_frame   0x00000000      0x260 ..\obj\stm32f1xx_hal_flash_ex.o
 .ARM.attributes
                0x00000000       0x33 ..\obj\stm32f1xx_hal_flash_ex.o
 .text          0x00000000        0x0 ..\obj\stm32f1xx_hal_tim_ex.o
 .data          0x00000000        0x0 ..\obj\stm32f1xx_hal_tim_ex.o
 .bss           0x00000000        0x0 ..\obj\stm32f1xx_hal_tim_ex.o
 .debug_info    0x00000000       0xa0 ..\obj\stm32f1xx_hal_tim_ex.o
 .debug_abbrev  0x00000000       0x4b ..\obj\stm32f1xx_hal_tim_ex.o
 .debug_aranges
                0x00000000       0x18 ..\obj\stm32f1xx_hal_tim_ex.o
 .debug_line    0x00000000      0x126 ..\obj\stm32f1xx_hal_tim_ex.o
 .debug_str     0x00000000      0x1d6 ..\obj\stm32f1xx_hal_tim_ex.o
 .comment       0x00000000       0x6f ..\obj\stm32f1xx_hal_tim_ex.o
 .ARM.attributes
                0x00000000       0x33 ..\obj\stm32f1xx_hal_tim_ex.o

Memory Configuration

Name             Origin             Length             Attributes
rom              0x08000000         0x00010000         xr
ram              0x20000000         0x00005000         xrw
*default*        0x00000000         0xffffffff

Linker script and memory map

                0x20005000                _eram = 0x20005000

.text           0x08000000     0x2159
 *(.isr_vector)
 .isr_vector    0x08000000      0x10c ..\obj\startup_stm32f10x_md.o
                0x08000000                g_pfnVectors
 *(.text*)
 .text.HAL_CAN_Init
                0x0800010c      0x1c4 ..\obj\stm32f1xx_hal_can.o
                0x0800010c                HAL_CAN_Init
 .text.HAL_Init
                0x080002d0       0x2c ..\obj\stm32f1xx_hal.o
                0x080002d0                HAL_Init
 .text.HAL_InitTick
                0x080002fc       0x38 ..\obj\stm32f1xx_hal.o
                0x080002fc                HAL_InitTick
 .text.HAL_IncTick
                0x08000334       0x1c ..\obj\stm32f1xx_hal.o
                0x08000334                HAL_IncTick
 .text.HAL_GetTick
                0x08000350       0x14 ..\obj\stm32f1xx_hal.o
                0x08000350                HAL_GetTick
 .text.HAL_Delay
                0x08000364       0x2c ..\obj\stm32f1xx_hal.o
                0x08000364                HAL_Delay
 .text.NMI_Handler
                0x08000390        0xc ..\obj\stm32f1xx_it.o
                0x08000390                NMI_Handler
 .text.HardFault_Handler
                0x0800039c        0x8 ..\obj\stm32f1xx_it.o
                0x0800039c                HardFault_Handler
 .text.MemManage_Handler
                0x080003a4        0x8 ..\obj\stm32f1xx_it.o
                0x080003a4                MemManage_Handler
 .text.BusFault_Handler
                0x080003ac        0x8 ..\obj\stm32f1xx_it.o
                0x080003ac                BusFault_Handler
 .text.UsageFault_Handler
                0x080003b4        0x8 ..\obj\stm32f1xx_it.o
                0x080003b4                UsageFault_Handler
 .text.SVC_Handler
                0x080003bc        0xc ..\obj\stm32f1xx_it.o
                0x080003bc                SVC_Handler
 .text.DebugMon_Handler
                0x080003c8        0xc ..\obj\stm32f1xx_it.o
                0x080003c8                DebugMon_Handler
 .text.PendSV_Handler
                0x080003d4        0xc ..\obj\stm32f1xx_it.o
                0x080003d4                PendSV_Handler
 .text.SysTick_Handler
                0x080003e0       0x10 ..\obj\stm32f1xx_it.o
                0x080003e0                SysTick_Handler
 .text.NVIC_SetPriorityGrouping
                0x080003f0       0x48 ..\obj\stm32f1xx_hal_cortex.o
 .text.NVIC_GetPriorityGrouping
                0x08000438       0x1c ..\obj\stm32f1xx_hal_cortex.o
 .text.NVIC_SetPriority
                0x08000454       0x54 ..\obj\stm32f1xx_hal_cortex.o
 .text.NVIC_EncodePriority
                0x080004a8       0x60 ..\obj\stm32f1xx_hal_cortex.o
 .text.SysTick_Config
                0x08000508       0x44 ..\obj\stm32f1xx_hal_cortex.o
 .text.HAL_NVIC_SetPriorityGrouping
                0x0800054c       0x18 ..\obj\stm32f1xx_hal_cortex.o
                0x0800054c                HAL_NVIC_SetPriorityGrouping
 .text.HAL_NVIC_SetPriority
                0x08000564       0x38 ..\obj\stm32f1xx_hal_cortex.o
                0x08000564                HAL_NVIC_SetPriority
 .text.HAL_SYSTICK_Config
                0x0800059c       0x18 ..\obj\stm32f1xx_hal_cortex.o
                0x0800059c                HAL_SYSTICK_Config
 .text.HAL_SYSTICK_CLKSourceConfig
                0x080005b4       0x38 ..\obj\stm32f1xx_hal_cortex.o
                0x080005b4                HAL_SYSTICK_CLKSourceConfig
 .text.HAL_SYSTICK_IRQHandler
                0x080005ec        0xc ..\obj\stm32f1xx_hal_cortex.o
                0x080005ec                HAL_SYSTICK_IRQHandler
 .text.HAL_SYSTICK_Callback
                0x080005f8        0xc ..\obj\stm32f1xx_hal_cortex.o
                0x080005f8                HAL_SYSTICK_Callback
 .text.SystemInit
                0x08000604       0x68 ..\obj\system_stm32f1xx.o
                0x08000604                SystemInit
 .text.HAL_RCC_OscConfig
                0x0800066c      0xe40 ..\obj\stm32f1xx_hal_rcc.o
                0x0800066c                HAL_RCC_OscConfig
 .text.HAL_RCC_ClockConfig
                0x080014ac      0x378 ..\obj\stm32f1xx_hal_rcc.o
                0x080014ac                HAL_RCC_ClockConfig
 .text.HAL_RCC_GetSysClockFreq
                0x08001824       0xf4 ..\obj\stm32f1xx_hal_rcc.o
                0x08001824                HAL_RCC_GetSysClockFreq
 .text.HAL_RCC_GetHCLKFreq
                0x08001918       0x14 ..\obj\stm32f1xx_hal_rcc.o
                0x08001918                HAL_RCC_GetHCLKFreq
 .text.Default_Reset_Handler
                0x0800192c       0x60 ..\obj\startup_stm32f10x_md.o
                0x0800192c                Default_Reset_Handler
                0x0800192c                Reset_Handler
 .text.Default_Handler
                0x0800198c        0x8 ..\obj\startup_stm32f10x_md.o
                0x0800198c                EXTI2_IRQHandler
                0x0800198c                TIM1_CC_IRQHandler
                0x0800198c                PVD_IRQHandler
                0x0800198c                EXTI3_IRQHandler
                0x0800198c                EXTI0_IRQHandler
                0x0800198c                I2C2_EV_IRQHandler
                0x0800198c                ADC1_2_IRQHandler
                0x0800198c                SPI1_IRQHandler
                0x0800198c                TAMPER_IRQHandler
                0x0800198c                DMA1_Channel4_IRQHandler
                0x0800198c                USART3_IRQHandler
                0x0800198c                RTC_IRQHandler
                0x0800198c                DMA1_Channel7_IRQHandler
                0x0800198c                CAN1_RX1_IRQHandler
                0x0800198c                TIM4_IRQHandler
                0x0800198c                I2C1_EV_IRQHandler
                0x0800198c                DMA1_Channel6_IRQHandler
                0x0800198c                TIM3_IRQHandler
                0x0800198c                RCC_IRQHandler
                0x0800198c                TIM1_TRG_COM_IRQHandler
                0x0800198c                DMA1_Channel1_IRQHandler
                0x0800198c                EXTI15_10_IRQHandler
                0x0800198c                EXTI9_5_IRQHandler
                0x0800198c                SPI2_IRQHandler
                0x0800198c                DMA1_Channel5_IRQHandler
                0x0800198c                EXTI4_IRQHandler
                0x0800198c                USB_LP_CAN1_RX0_IRQHandler
                0x0800198c                USB_HP_CAN1_TX_IRQHandler
                0x0800198c                DMA1_Channel3_IRQHandler
                0x0800198c                TIM1_UP_IRQHandler
                0x0800198c                WWDG_IRQHandler
                0x0800198c                TIM2_IRQHandler
                0x0800198c                TIM1_BRK_IRQHandler
                0x0800198c                EXTI1_IRQHandler
                0x0800198c                RTCAlarm_IRQHandler
                0x0800198c                USART2_IRQHandler
                0x0800198c                I2C2_ER_IRQHandler
                0x0800198c                DMA1_Channel2_IRQHandler
                0x0800198c                CAN1_SCE_IRQHandler
                0x0800198c                FLASH_IRQHandler
                0x0800198c                USART1_IRQHandler
                0x0800198c                I2C1_ER_IRQHandler
                0x0800198c                USBWakeUp_IRQHandler
 .text.main     0x08001994       0x30 ..\obj\main.o
                0x08001994                main
 .text.SystemClock_Config
                0x080019c4       0x90 ..\obj\main.o
                0x080019c4                SystemClock_Config
 .text.MX_CAN_Init
                0x08001a54       0x70 ..\obj\main.o
 .text.MX_SPI1_Init
                0x08001ac4       0x74 ..\obj\main.o
 .text.MX_GPIO_Init
                0x08001b38       0x84 ..\obj\main.o
 .text._Error_Handler
                0x08001bbc        0xc ..\obj\main.o
                0x08001bbc                _Error_Handler
 .text.HAL_SPI_Init
                0x08001bc8       0xcc ..\obj\stm32f1xx_hal_spi_ex.o
                0x08001bc8                HAL_SPI_Init
 .text.HAL_GPIO_Init
                0x08001c94      0x2bc ..\obj\stm32f1xx_hal_gpio.o
                0x08001c94                HAL_GPIO_Init
 .text.HAL_GPIO_WritePin
                0x08001f50       0x30 ..\obj\stm32f1xx_hal_gpio.o
                0x08001f50                HAL_GPIO_WritePin
 .text.HAL_MspInit
                0x08001f80       0x98 ..\obj\stm32f1xx_hal_msp.o
                0x08001f80                HAL_MspInit
 .text.HAL_CAN_MspInit
                0x08002018       0x74 ..\obj\stm32f1xx_hal_msp.o
                0x08002018                HAL_CAN_MspInit
 .text.HAL_SPI_MspInit
                0x0800208c       0x70 ..\obj\stm32f1xx_hal_msp.o
                0x0800208c                HAL_SPI_MspInit
 *(.init)
 *(.fini)
 *crtbegin.o(.ctors)
 *crtbegin?.o(.ctors)
 *(EXCLUDE_FILE(*crtend.o *crtend?.o) .ctors)
 *(SORT(.ctors.*))
 *(.ctors)
 *crtbegin.o(.dtors)
 *crtbegin?.o(.dtors)
 *(EXCLUDE_FILE(*crtend.o *crtend?.o) .dtors)
 *(SORT(.dtors.*))
 *(.dtors)
 *(.rodata*)
 .rodata        0x080020fc       0x18 ..\obj\system_stm32f1xx.o
                0x080020fc                AHBPrescTable
                0x0800210c                APBPrescTable
 .rodata        0x08002114       0x12 ..\obj\stm32f1xx_hal_rcc.o
 *fill*         0x08002126        0x2 
 .rodata        0x08002128       0x31 ..\obj\main.o
 *(.eh_fram e*)

.glue_7         0x0800215c        0x0
 .glue_7        0x0800215c        0x0 linker stubs

.glue_7t        0x0800215c        0x0
 .glue_7t       0x0800215c        0x0 linker stubs

.vfp11_veneer   0x0800215c        0x0
 .vfp11_veneer  0x0800215c        0x0 linker stubs

.v4_bx          0x0800215c        0x0
 .v4_bx         0x0800215c        0x0 linker stubs

.iplt           0x0800215c        0x0
 .iplt          0x0800215c        0x0 ..\obj\stm32f1xx_hal_rcc_ex.o

.rel.dyn        0x0800215c        0x0
 .rel.iplt      0x0800215c        0x0 ..\obj\stm32f1xx_hal_rcc_ex.o

.ARM.extab
 *(.ARM.extab* .gnu.linkonce.armextab.*)
                0x0800215c                __exidx_start = .

.ARM.exidx
 *(.ARM.exidx* .gnu.linkonce.armexidx.*)
                0x0800215c                __exidx_end = .
                0x0800215c                __etext = .
                0x08002159                _sidata = __etext

.data           0x20000000        0x4 load address 0x08002159
                0x20000000                __data_start__ = .
                0x20000000                _sdata = __data_start__
 *(vtable)
 *(.data*)
 .data          0x20000000        0x4 ..\obj\system_stm32f1xx.o
                0x20000000                SystemCoreClock
                0x20000004                . = ALIGN (0x4)
                [!provide]                PROVIDE (__preinit_array_start, .)
 *(.preinit_array)
                [!provide]                PROVIDE (__preinit_array_end, .)
                0x20000004                . = ALIGN (0x4)
                [!provide]                PROVIDE (__init_array_start, .)
 *(SORT(.init_array.*))
 *(.init_array)
                [!provide]                PROVIDE (__init_array_end, .)
                0x20000004                . = ALIGN (0x4)
                [!provide]                PROVIDE (__fini_array_start, .)
 *(SORT(.fini_array.*))
 *(.fini_array)
                [!provide]                PROVIDE (__fini_array_end, .)
 *(.jcr*)
                0x20000004                . = ALIGN (0x4)
                0x20000004                __data_end__ = .
                0x20000004                _edata = __data_end__

.igot.plt       0x20000004        0x0 load address 0x08002160
 .igot.plt      0x20000004        0x0 ..\obj\stm32f1xx_hal_rcc_ex.o

.bss            0x20000004      0x230 load address 0x08002160
                0x20000004                . = ALIGN (0x4)
                0x20000004                __bss_start__ = .
                0x20000004                _sbss = __bss_start__
 *(.bss*)
 .bss           0x20000004        0x4 ..\obj\stm32f1xx_hal.o
 .bss           0x20000008        0x1 ..\obj\stm32f1xx_hal_spi_ex.o
                0x20000008                uCRCErrorWorkaroundCheck
 *(COMMON)
 *fill*         0x20000009        0x3 
 COMMON         0x2000000c      0x228 ..\obj\main.o
                0x2000000c                hcan
                0x2000004c                can_tx_data
                0x20000114                hspi1
                0x2000016c                can_rx_data
                0x20000234                . = ALIGN (0x4)
                0x20000234                __bss_end__ = .
                0x20000234                _ebss = __bss_end__

.heap           0x20000234        0x0
                0x20000234                __end__ = .
                0x20000234                _end = __end__
                0x20000234                end = __end__
 *(.heap*)
                0x20000234                __HeapLimit = .

.co_stack       0x20000234      0x404 load address 0x08002390
                0x20000238                . = ALIGN (0x8)
 *fill*         0x20000234        0x4 
 *(.co_stack .co_stack.*)
 .co_stack      0x20000238      0x400 ..\obj\startup_stm32f10x_md.o
                0x20000238                pulStack
                0x20005000                __StackTop = (ORIGIN (ram) + LENGTH (ram))
                0x20004bfc                __StackLimit = (__StackTop - SIZEOF (.co_stack))
                [!provide]                PROVIDE (__stack, __StackTop)
                0x00000001                ASSERT ((__StackLimit >= __HeapLimit), region ram  overflowed with stack)
LOAD ..\obj\stm32f1xx_hal_rcc_ex.o
LOAD ..\obj\stm32f1xx_hal_pwr.o
LOAD ..\obj\stm32f1xx_hal_can.o
LOAD ..\obj\stm32f1xx_hal.o
LOAD ..\obj\stm32f1xx_it.o
LOAD ..\obj\stm32f1xx_hal_gpio_ex.o
LOAD ..\obj\stm32f1xx_hal_cortex.o
LOAD ..\obj\system_stm32f1xx.o
LOAD ..\obj\stm32f1xx_hal_rcc.o
LOAD ..\obj\startup_stm32f10x_md.o
LOAD ..\obj\main.o
LOAD ..\obj\stm32f1xx_hal_spi_ex.o
LOAD ..\obj\stm32f1xx_hal_flash.o
LOAD ..\obj\stm32f1xx_hal_gpio.o
LOAD ..\obj\stm32f1xx_hal_dma.o
LOAD ..\obj\stm32f1xx_hal_spi.o
LOAD ..\obj\stm32f1xx_hal_msp.o
LOAD ..\obj\stm32f1xx_hal_tim.o
LOAD ..\obj\stm32f1xx_hal_flash_ex.o
LOAD ..\obj\stm32f1xx_hal_tim_ex.o
START GROUP
LOAD c:/stm/gcc-arm-none-eabi-5_4-2016q3-20160926-win32/bin/../lib/gcc/arm-none-eabi/5.4.1/armv7-m\libgcc.a
LOAD c:/stm/gcc-arm-none-eabi-5_4-2016q3-20160926-win32/bin/../lib/gcc/arm-none-eabi/5.4.1/../../../../arm-none-eabi/lib/armv7-m\libg.a
LOAD c:/stm/gcc-arm-none-eabi-5_4-2016q3-20160926-win32/bin/../lib/gcc/arm-none-eabi/5.4.1/../../../../arm-none-eabi/lib/armv7-m\libc.a
END GROUP
OUTPUT(CAN_SPI_Master.elf elf32-littlearm)

.debug_info     0x00000000     0x5d46
 .debug_info    0x00000000      0xa7d ..\obj\stm32f1xx_hal_can.o
 .debug_info    0x00000a7d      0x5e3 ..\obj\stm32f1xx_hal.o
 .debug_info    0x00001060      0x141 ..\obj\stm32f1xx_it.o
 .debug_info    0x000011a1      0xabf ..\obj\stm32f1xx_hal_cortex.o
 .debug_info    0x00001c60      0x3d2 ..\obj\system_stm32f1xx.o
 .debug_info    0x00002032     0x13f9 ..\obj\stm32f1xx_hal_rcc.o
 .debug_info    0x0000342b       0xee ..\obj\startup_stm32f10x_md.o
 .debug_info    0x00003519      0xf11 ..\obj\main.o
 .debug_info    0x0000442a      0x58b ..\obj\stm32f1xx_hal_spi_ex.o
 .debug_info    0x000049b5      0x5f5 ..\obj\stm32f1xx_hal_gpio.o
 .debug_info    0x00004faa      0xd9c ..\obj\stm32f1xx_hal_msp.o

.debug_abbrev   0x00000000     0x1198
 .debug_abbrev  0x00000000      0x1ea ..\obj\stm32f1xx_hal_can.o
 .debug_abbrev  0x000001ea      0x1f8 ..\obj\stm32f1xx_hal.o
 .debug_abbrev  0x000003e2       0x7f ..\obj\stm32f1xx_it.o
 .debug_abbrev  0x00000461      0x270 ..\obj\stm32f1xx_hal_cortex.o
 .debug_abbrev  0x000006d1      0x120 ..\obj\system_stm32f1xx.o
 .debug_abbrev  0x000007f1      0x276 ..\obj\stm32f1xx_hal_rcc.o
 .debug_abbrev  0x00000a67       0xa7 ..\obj\startup_stm32f10x_md.o
 .debug_abbrev  0x00000b0e      0x20d ..\obj\main.o
 .debug_abbrev  0x00000d1b      0x151 ..\obj\stm32f1xx_hal_spi_ex.o
 .debug_abbrev  0x00000e6c      0x1ac ..\obj\stm32f1xx_hal_gpio.o
 .debug_abbrev  0x00001018      0x180 ..\obj\stm32f1xx_hal_msp.o

.debug_aranges  0x00000000      0x4a8
 .debug_aranges
                0x00000000       0xb0 ..\obj\stm32f1xx_hal_can.o
 .debug_aranges
                0x000000b0       0xb0 ..\obj\stm32f1xx_hal.o
 .debug_aranges
                0x00000160       0x60 ..\obj\stm32f1xx_it.o
 .debug_aranges
                0x000001c0      0x100 ..\obj\stm32f1xx_hal_cortex.o
 .debug_aranges
                0x000002c0       0x28 ..\obj\system_stm32f1xx.o
 .debug_aranges
                0x000002e8       0x88 ..\obj\stm32f1xx_hal_rcc.o
 .debug_aranges
                0x00000370       0x28 ..\obj\startup_stm32f10x_md.o
 .debug_aranges
                0x00000398       0x50 ..\obj\main.o
 .debug_aranges
                0x000003e8       0x28 ..\obj\stm32f1xx_hal_spi_ex.o
 .debug_aranges
                0x00000410       0x58 ..\obj\stm32f1xx_hal_gpio.o
 .debug_aranges
                0x00000468       0x40 ..\obj\stm32f1xx_hal_msp.o

.debug_ranges   0x00000000      0x3f8
 .debug_ranges  0x00000000       0xa0 ..\obj\stm32f1xx_hal_can.o
 .debug_ranges  0x000000a0       0xa0 ..\obj\stm32f1xx_hal.o
 .debug_ranges  0x00000140       0x50 ..\obj\stm32f1xx_it.o
 .debug_ranges  0x00000190       0xf0 ..\obj\stm32f1xx_hal_cortex.o
 .debug_ranges  0x00000280       0x18 ..\obj\system_stm32f1xx.o
 .debug_ranges  0x00000298       0x78 ..\obj\stm32f1xx_hal_rcc.o
 .debug_ranges  0x00000310       0x18 ..\obj\startup_stm32f10x_md.o
 .debug_ranges  0x00000328       0x40 ..\obj\main.o
 .debug_ranges  0x00000368       0x18 ..\obj\stm32f1xx_hal_spi_ex.o
 .debug_ranges  0x00000380       0x48 ..\obj\stm32f1xx_hal_gpio.o
 .debug_ranges  0x000003c8       0x30 ..\obj\stm32f1xx_hal_msp.o

.debug_line     0x00000000     0x2ca6
 .debug_line    0x00000000      0x673 ..\obj\stm32f1xx_hal_can.o
 .debug_line    0x00000673      0x3c7 ..\obj\stm32f1xx_hal.o
 .debug_line    0x00000a3a      0x20c ..\obj\stm32f1xx_it.o
 .debug_line    0x00000c46      0x49e ..\obj\stm32f1xx_hal_cortex.o
 .debug_line    0x000010e4      0x225 ..\obj\system_stm32f1xx.o
 .debug_line    0x00001309      0xb78 ..\obj\stm32f1xx_hal_rcc.o
 .debug_line    0x00001e81       0xa3 ..\obj\startup_stm32f10x_md.o
 .debug_line    0x00001f24      0x37e ..\obj\main.o
 .debug_line    0x000022a2      0x2ac ..\obj\stm32f1xx_hal_spi_ex.o
 .debug_line    0x0000254e      0x45d ..\obj\stm32f1xx_hal_gpio.o
 .debug_line    0x000029ab      0x2fb ..\obj\stm32f1xx_hal_msp.o

.debug_str      0x00000000     0x1ab7
 .debug_str     0x00000000      0x68b ..\obj\stm32f1xx_hal_can.o
                                0x728 (size before relaxing)
 .debug_str     0x0000068b      0x540 ..\obj\stm32f1xx_hal.o
                                0x724 (size before relaxing)
 .debug_str     0x00000bcb       0xc9 ..\obj\stm32f1xx_it.o
                                0x241 (size before relaxing)
 .debug_str     0x00000c94      0x317 ..\obj\stm32f1xx_hal_cortex.o
                                0x8db (size before relaxing)
 .debug_str     0x00000fab       0x9c ..\obj\system_stm32f1xx.o
                                0x28d (size before relaxing)
 .debug_str     0x00001047      0x34e ..\obj\stm32f1xx_hal_rcc.o
                                0x602 (size before relaxing)
 .debug_str     0x00001395       0xb1 ..\obj\startup_stm32f10x_md.o
                                0x148 (size before relaxing)
 .debug_str     0x00001446      0x3dc ..\obj\main.o
                                0xd03 (size before relaxing)
 .debug_str     0x00001822       0x9d ..\obj\stm32f1xx_hal_spi_ex.o
                                0x60e (size before relaxing)
 .debug_str     0x000018bf      0x198 ..\obj\stm32f1xx_hal_gpio.o
                                0x436 (size before relaxing)
 .debug_str     0x00001a57       0x60 ..\obj\stm32f1xx_hal_msp.o
                                0xb9c (size before relaxing)

.comment        0x00000000       0x6e
 .comment       0x00000000       0x6e ..\obj\stm32f1xx_hal_can.o
                                 0x6f (size before relaxing)
 .comment       0x0000006e       0x6f ..\obj\stm32f1xx_hal.o
 .comment       0x0000006e       0x6f ..\obj\stm32f1xx_it.o
 .comment       0x0000006e       0x6f ..\obj\stm32f1xx_hal_cortex.o
 .comment       0x0000006e       0x6f ..\obj\system_stm32f1xx.o
 .comment       0x0000006e       0x6f ..\obj\stm32f1xx_hal_rcc.o
 .comment       0x0000006e       0x6f ..\obj\startup_stm32f10x_md.o
 .comment       0x0000006e       0x6f ..\obj\main.o
 .comment       0x0000006e       0x6f ..\obj\stm32f1xx_hal_spi_ex.o
 .comment       0x0000006e       0x6f ..\obj\stm32f1xx_hal_gpio.o
 .comment       0x0000006e       0x6f ..\obj\stm32f1xx_hal_msp.o

.ARM.attributes
                0x00000000       0x33
 .ARM.attributes
                0x00000000       0x33 ..\obj\stm32f1xx_hal_can.o
 .ARM.attributes
                0x00000033       0x33 ..\obj\stm32f1xx_hal.o
 .ARM.attributes
                0x00000066       0x33 ..\obj\stm32f1xx_it.o
 .ARM.attributes
                0x00000099       0x33 ..\obj\stm32f1xx_hal_cortex.o
 .ARM.attributes
                0x000000cc       0x33 ..\obj\system_stm32f1xx.o
 .ARM.attributes
                0x000000ff       0x33 ..\obj\stm32f1xx_hal_rcc.o
 .ARM.attributes
                0x00000132       0x33 ..\obj\startup_stm32f10x_md.o
 .ARM.attributes
                0x00000165       0x33 ..\obj\main.o
 .ARM.attributes
                0x00000198       0x33 ..\obj\stm32f1xx_hal_spi_ex.o
 .ARM.attributes
                0x000001cb       0x33 ..\obj\stm32f1xx_hal_gpio.o
 .ARM.attributes
                0x000001fe       0x33 ..\obj\stm32f1xx_hal_msp.o

.debug_frame    0x00000000     0x10b4
 .debug_frame   0x00000000      0x2f0 ..\obj\stm32f1xx_hal_can.o
 .debug_frame   0x000002f0      0x278 ..\obj\stm32f1xx_hal.o
 .debug_frame   0x00000568      0x10c ..\obj\stm32f1xx_it.o
 .debug_frame   0x00000674      0x428 ..\obj\stm32f1xx_hal_cortex.o
 .debug_frame   0x00000a9c       0x58 ..\obj\system_stm32f1xx.o
 .debug_frame   0x00000af4      0x21c ..\obj\stm32f1xx_hal_rcc.o
 .debug_frame   0x00000d10       0x4c ..\obj\startup_stm32f10x_md.o
 .debug_frame   0x00000d5c       0xec ..\obj\main.o
 .debug_frame   0x00000e48       0x5c ..\obj\stm32f1xx_hal_spi_ex.o
 .debug_frame   0x00000ea4      0x14c ..\obj\stm32f1xx_hal_gpio.o
 .debug_frame   0x00000ff0       0xc4 ..\obj\stm32f1xx_hal_msp.o
